1 81443 62
2 24563 24
3 20080 1
4 19016 1
5 17576 1
6 16905 1
7 15793 1
8 15174 1
9 14807 1
