1 585667 87
2 198117 20
3 123360 6
4 117152 0
5 116181 0
6 116832 0
7 116421 0
8 116559 0
9 116344 0
