1 19157196 9
2 11835190 9
3 10389985 1
4 9659849 1
5 9049681 1
6 8563492 1
7 8146694 1
8 7824521 1
9 7580102 1
