1 99923786 1
2 90413714 1
3 83137654 1
4 77287897 1
5 72448825 1
6 68444736 1
7 65198270 1
8 62633412 1
9 60611199 1
